// Jest Snapshot v1, https://goo.gl/fbAQLP

exports[`Check only metadata is returned when there is no content 1`] = `
{
  "category": "Marketing",
  "content": "",
  "priceRange": "$800 - $4000",
  "slug": "service-2",
  "tags": [
    "digital marketing",
    "services",
  ],
  "title": "Digital Marketing Strategy",
  "type": "service",
}
`;

exports[`return full content when no attributes specified 1`] = `
{
  "category": "Electronics",
  "content": "# SuperFast Laptop

A high-performance laptop designed for professionals who need speed and reliability.",
  "price": "$999",
  "releaseDate": "2024-07-10",
  "slug": "product-1",
  "tags": [
    "laptop",
    "electronics",
    "featured",
  ],
  "title": "SuperFast Laptop",
  "type": "product",
}
`;
